main.c:128:5:main	8	static
main.c:213:6:SystemClock_Config	168	static
main.c:272:13:MX_ADC1_Init	56	static
main.c:387:13:MX_ADC2_Init	48	static
main.c:471:13:MX_ADC3_Init	56	static
main.c:544:13:MX_FDCAN1_Init	8	static
main.c:587:13:MX_I2C3_Init	8	static
main.c:633:13:MX_IWDG_Init	8	static
main.c:662:13:MX_TIM2_Init	40	static
main.c:707:13:MX_TIM3_Init	48	static
main.c:754:13:MX_DMA_Init	16	static
main.c:779:13:MX_GPIO_Init	48	static
main.c:835:6:FDCAN_Config	40	static
main.c:873:6:SENSOR_IO_Init	8	static
main.c:914:6:SENSOR_IO_Write	32	static
main.c:924:9:SENSOR_IO_Read	32	static
main.c:935:10:SENSOR_IO_ReadMultiple	48	static
main.c:946:6:HAL_ADC_ConvCpltCallback	24	static
main.c:978:6:HAL_TIM_PeriodElapsedCallback	16	static
main.c:1065:9:dsp_ema_i32	56	static
main.c:1079:6:Error_Handler	4	static
