main.c:125:5:main	8	static
main.c:205:6:SystemClock_Config	168	static
main.c:264:13:MX_ADC1_Init	56	static
main.c:377:13:MX_ADC2_Init	48	static
main.c:450:13:MX_ADC3_Init	56	static
main.c:523:13:MX_FDCAN1_Init	8	static
main.c:566:13:MX_I2C3_Init	8	static
main.c:612:13:MX_IWDG_Init	8	static
main.c:641:13:MX_TIM2_Init	40	static
main.c:686:13:MX_TIM3_Init	48	static
main.c:733:13:MX_DMA_Init	16	static
main.c:758:13:MX_GPIO_Init	48	static
main.c:817:6:FDCAN_Config	40	static
main.c:855:6:SENSOR_IO_Init	8	static
main.c:896:6:SENSOR_IO_Write	32	static
main.c:906:9:SENSOR_IO_Read	32	static
main.c:917:10:SENSOR_IO_ReadMultiple	48	static
main.c:928:6:HAL_ADC_ConvCpltCallback	24	static
main.c:960:6:HAL_TIM_PeriodElapsedCallback	16	static
main.c:1105:9:dsp_ema_i32	56	static
main.c:1119:6:Error_Handler	4	static
